  Determining projects to restore...
  All projects are up-to-date for restore.
C:\Program Files\dotnet\sdk\10.0.100-rc.2.25502.107\Sdks\Microsoft.NET.Sdk\targets\Microsoft.NET.RuntimeIdentifierInference.targets(351,5): message NETSDK1057: You are using a preview version of .NET. See: https://aka.ms/dotnet-support-policy [C:\dev\news-api\NewsApi.Tests\NewsApi.Tests.csproj]
  newsApi -> C:\dev\news-api\newsApi\bin\Debug\net10.0\newsApi.dll
  NewsApi.Tests -> C:\dev\news-api\NewsApi.Tests\bin\Debug\net10.0\NewsApi.Tests.dll
Test run for C:\dev\news-api\NewsApi.Tests\bin\Debug\net10.0\NewsApi.Tests.dll (.NETCoreApp,Version=v10.0)
VSTest version 18.0.0-preview-25502-107 (x64)

Starting test execution, please wait...
A total of 1 test files matched the specified pattern.
dotnet : [xUnit.net 00:00:01.23]     NewsApi.Tests.Integr
ation.Controllers.NewsControllerIntegrationTests.GetAllNe
ws_WithCategoryFilter_ShouldReturnFilteredNews [FAIL]
At line:1 char:1
+ dotnet test NewsApi.Tests\NewsApi.Tests.csproj > 
test-results.txt 2>& ...
+ ~~~~~~~~~~~~~~~~~~~~~~~~~~~~~~~~~~~~~~~~~~~~~~~~~~~~~~~
~~~~~~~~~~~~~~
    + CategoryInfo          : NotSpecified: ([xUnit.net  
   00:0...eredNews [FAIL]:String) [], RemoteException
    + FullyQualifiedErrorId : NativeCommandError
 
  Failed NewsApi.Tests.Integration.Controllers.NewsControllerIntegrationTests.GetAllNews_WithCategoryFilter_ShouldReturnFilteredNews [914 ms]
  Error Message:
   Expected news to contain 2 item(s), but found 0: {empty}.
  Stack Trace:
     at FluentAssertions.Execution.LateBoundTestFramework.Throw(String message)
   at FluentAssertions.Execution.DefaultAssertionStrategy.HandleFailure(String message)
   at FluentAssertions.Execution.AssertionScope.AddPreFormattedFailure(String formattedFailureMessage)
   at FluentAssertions.Execution.AssertionChain.FailWith(Func`1 getFailureReason)
   at FluentAssertions.Execution.AssertionChain.FailWith(Func`1 getFailureReason)
   at FluentAssertions.Execution.AssertionChain.FailWith(String message, Object[] args)
   at FluentAssertions.Collections.GenericCollectionAssertions`3.HaveCount(Int32 expected, String because, Object[] becauseArgs)
   at NewsApi.Tests.Integration.Controllers.NewsControllerIntegrationTests.GetAllNews_WithCategoryFilter_ShouldReturnFilteredNews() in C:\dev\news-api\NewsApi.Tests\Integration\Controllers\NewsControllerIntegrationTests.cs:line 69
--- End of stack trace from previous location ---
[xUnit.net 00:00:01.30]     NewsApi.Tests.Integration.Con
trollers.NewsControllerIntegrationTests.GetAllNews_WithTy
peFilter_ShouldReturnFilteredNews [FAIL]
[xUnit.net 00:00:01.32]     NewsApi.Tests.Integration.Con
trollers.NewsControllerIntegrationTests.CreateNews_WithVa
lidData_ShouldReturnCreated [FAIL]
[xUnit.net 00:00:01.32]     NewsApi.Tests.Integration.Con
trollers.NewsControllerIntegrationTests.GetNewsById_WithV
alidId_ShouldReturnNews [FAIL]
[xUnit.net 00:00:01.33]     NewsApi.Tests.Integration.Con
trollers.NewsControllerIntegrationTests.DeleteNews_WithIn
validId_ShouldReturn404 [FAIL]
[xUnit.net 00:00:01.33]     NewsApi.Tests.Integration.Con
trollers.NewsControllerIntegrationTests.CreateNews_WithIn
validData_ShouldReturn400 [FAIL]
[xUnit.net 00:00:01.33]     NewsApi.Tests.Integration.Con
trollers.NewsControllerIntegrationTests.UpdateNews_WithIn
validId_ShouldReturn404 [FAIL]
  Failed NewsApi.Tests.Integration.Controllers.NewsControllerIntegrationTests.GetAllNews_WithTypeFilter_ShouldReturnFilteredNews [7 ms]
  Error Message:
   Expected news to contain 2 item(s), but found 0: {empty}.
  Stack Trace:
     at FluentAssertions.Execution.LateBoundTestFramework.Throw(String message)
   at FluentAssertions.Execution.DefaultAssertionStrategy.HandleFailure(String message)
   at FluentAssertions.Execution.AssertionScope.AddPreFormattedFailure(String formattedFailureMessage)
   at FluentAssertions.Execution.AssertionChain.FailWith(Func`1 getFailureReason)
   at FluentAssertions.Execution.AssertionChain.FailWith(Func`1 getFailureReason)
   at FluentAssertions.Execution.AssertionChain.FailWith(String message, Object[] args)
   at FluentAssertions.Collections.GenericCollectionAssertions`3.HaveCount(Int32 expected, String because, Object[] becauseArgs)
   at NewsApi.Tests.Integration.Controllers.NewsControllerIntegrationTests.GetAllNews_WithTypeFilter_ShouldReturnFilteredNews() in C:\dev\news-api\NewsApi.Tests\Integration\Controllers\NewsControllerIntegrationTests.cs:line 87
--- End of stack trace from previous location ---
  Failed NewsApi.Tests.Integration.Controllers.NewsControllerIntegrationTests.CreateNews_WithValidData_ShouldReturnCreated [2 ms]
  Error Message:
   Expected response to be HttpStatusCode.Created {value: 201}, but found HttpStatusCode.Unauthorized {value: 401}.
  Stack Trace:
     at FluentAssertions.Execution.LateBoundTestFramework.Throw(String message)
   at FluentAssertions.Execution.DefaultAssertionStrategy.HandleFailure(String message)
   at FluentAssertions.Execution.AssertionScope.AddPreFormattedFailure(String formattedFailureMessage)
   at FluentAssertions.Execution.AssertionChain.FailWith(Func`1 getFailureReason)
   at FluentAssertions.Execution.AssertionChain.FailWith(Func`1 getFailureReason)
   at FluentAssertions.Execution.AssertionChain.FailWith(String message, Object[] args)
   at FluentAssertions.Primitives.EnumAssertions`2.Be(TEnum expected, String because, Object[] becauseArgs)
   at NewsApi.Tests.Integration.Controllers.NewsControllerIntegrationTests.CreateNews_WithValidData_ShouldReturnCreated() in C:\dev\news-api\NewsApi.Tests\Integration\Controllers\NewsControllerIntegrationTests.cs:line 185
--- End of stack trace from previous location ---
  Failed NewsApi.Tests.Integration.Controllers.NewsControllerIntegrationTests.GetNewsById_WithValidId_ShouldReturnNews [4 ms]
  Error Message:
   System.Text.Json.JsonException : The input does not contain any JSON tokens. Expected the input to start with a valid JSON token, when isFinalBlock is true. Path: $ | LineNumber: 0 | BytePositionInLine: 0.
---- System.Text.Json.JsonReaderException : The input does not contain any JSON tokens. Expected the input to start with a valid JSON token, when isFinalBlock is true. LineNumber: 0 | BytePositionInLine: 0.
  Stack Trace:
     at System.Text.Json.ThrowHelper.ReThrowWithPath(ReadStack& state, JsonReaderException ex)
   at System.Text.Json.Serialization.JsonConverter`1.ReadCore(Utf8JsonReader& reader, T& value, JsonSerializerOptions options, ReadStack& state)
   at System.Text.Json.Serialization.Metadata.JsonTypeInfo`1.ContinueDeserialize[TReadBufferState,TStream](TReadBufferState& bufferState, JsonReaderState& jsonReaderState, ReadStack& readStack, T& value)
   at System.Text.Json.Serialization.Metadata.JsonTypeInfo`1.DeserializeAsync[TReadBufferState,TStream](TStream utf8Json, TReadBufferState bufferState, CancellationToken cancellationToken)
   at System.Net.Http.Json.HttpContentJsonExtensions.ReadFromJsonAsyncCore[T](HttpContent content, JsonSerializerOptions options, CancellationToken cancellationToken)
   at NewsApi.Tests.Integration.Controllers.NewsControllerIntegrationTests.GetNewsById_WithValidId_ShouldReturnNews() in C:\dev\news-api\NewsApi.Tests\Integration\Controllers\NewsControllerIntegrationTests.cs:line 101
--- End of stack trace from previous location ---
----- Inner Stack Trace -----
   at System.Text.Json.ThrowHelper.ThrowJsonReaderException(Utf8JsonReader& json, ExceptionResource resource, Byte nextByte, ReadOnlySpan`1 bytes)
   at System.Text.Json.Utf8JsonReader.Read()
   at System.Text.Json.Serialization.JsonConverter`1.ReadCore(Utf8JsonReader& reader, T& value, JsonSerializerOptions options, ReadStack& state)
  Failed NewsApi.Tests.Integration.Controllers.NewsControllerIntegrationTests.DeleteNews_WithInvalidId_ShouldReturn404 [2 ms]
  Error Message:
   Expected response to be HttpStatusCode.NotFound {value: 404}, but found HttpStatusCode.Unauthorized {value: 401}.
  Stack Trace:
     at FluentAssertions.Execution.LateBoundTestFramework.Throw(String message)
   at FluentAssertions.Execution.DefaultAssertionStrategy.HandleFailure(String message)
   at FluentAssertions.Execution.AssertionScope.AddPreFormattedFailure(String formattedFailureMessage)
   at FluentAssertions.Execution.AssertionChain.FailWith(Func`1 getFailureReason)
   at FluentAssertions.Execution.AssertionChain.FailWith(Func`1 getFailureReason)
   at FluentAssertions.Execution.AssertionChain.FailWith(String message, Object[] args)
   at FluentAssertions.Primitives.EnumAssertions`2.Be(TEnum expected, String because, Object[] becauseArgs)
   at NewsApi.Tests.Integration.Controllers.NewsControllerIntegrationTests.DeleteNews_WithInvalidId_ShouldReturn404() in C:\dev\news-api\NewsApi.Tests\Integration\Controllers\NewsControllerIntegrationTests.cs:line 293
--- End of stack trace from previous location ---
  Failed NewsApi.Tests.Integration.Controllers.NewsControllerIntegrationTests.CreateNews_WithInvalidData_ShouldReturn400 [2 ms]
  Error Message:
   Expected response to be HttpStatusCode.BadRequest {value: 400}, but found HttpStatusCode.Unauthorized {value: 401}.
  Stack Trace:
     at FluentAssertions.Execution.LateBoundTestFramework.Throw(String message)
   at FluentAssertions.Execution.DefaultAssertionStrategy.HandleFailure(String message)
   at FluentAssertions.Execution.AssertionScope.AddPreFormattedFailure(String formattedFailureMessage)
   at FluentAssertions.Execution.AssertionChain.FailWith(Func`1 getFailureReason)
   at FluentAssertions.Execution.AssertionChain.FailWith(Func`1 getFailureReason)
   at FluentAssertions.Execution.AssertionChain.FailWith(String message, Object[] args)
   at FluentAssertions.Primitives.EnumAssertions`2.Be(TEnum expected, String because, Object[] becauseArgs)
   at NewsApi.Tests.Integration.Controllers.NewsControllerIntegrationTests.CreateNews_WithInvalidData_ShouldReturn400() in C:\dev\news-api\NewsApi.Tests\Integration\Controllers\NewsControllerIntegrationTests.cs:line 198
--- End of stack trace from previous location ---
  Failed NewsApi.Tests.Integration.Controllers.NewsControllerIntegrationTests.UpdateNews_WithInvalidId_ShouldReturn404 [2 ms]
  Error Message:
   Expected response to be HttpStatusCode.NotFound {value: 404}, but found HttpStatusCode.Unauthorized {value: 401}.
  Stack Trace:
     at FluentAssertions.Execution.LateBoundTestFramework.Throw(String message)
   at FluentAssertions.Execution.DefaultAssertionStrategy.HandleFailure(String message)
   at FluentAssertions.Execution.AssertionScope.AddPreFormattedFailure(String formattedFailureMessage)
   at FluentAssertions.Execution.AssertionChain.FailWith(Func`1 getFailureReason)
   at FluentAssertions.Execution.AssertionChain.FailWith(Func`1 getFailureReason)
   at FluentAssertions.Execution.AssertionChain.FailWith(String message, Object[] args)
   at FluentAssertions.Primitives.EnumAssertions`2.Be(TEnum expected, String because, Object[] becauseArgs)
   at NewsApi.Tests.Integration.Controllers.NewsControllerIntegrationTests.UpdateNews_WithInvalidId_ShouldReturn404() in C:\dev\news-api\NewsApi.Tests\Integration\Controllers\NewsControllerIntegrationTests.cs:line 248
--- End of stack trace from previous location ---
[xUnit.net 00:00:01.34]     NewsApi.Tests.Integration.Con
trollers.NewsControllerIntegrationTests.UpdateNews_WithVa
lidData_ShouldReturnNoContent [FAIL]
[xUnit.net 00:00:01.34]     NewsApi.Tests.Integration.Con
trollers.NewsControllerIntegrationTests.GetAllNews_AfterC
reatingNews_ShouldReturnNews [FAIL]
[xUnit.net 00:00:01.35]     NewsApi.Tests.Integration.Con
trollers.NewsControllerIntegrationTests.DeleteNews_WithVa
lidId_ShouldReturnNoContent [FAIL]
[xUnit.net 00:00:01.36]     NewsApi.Tests.Integration.Con
trollers.NewsControllerIntegrationTests.GetNewsById_WithI
nvalidId_ShouldReturn404 [FAIL]
[xUnit.net 00:00:01.36]     NewsApi.Tests.Integration.Con
trollers.NewsControllerIntegrationTests.CompleteCRUDWorkf
low_ShouldWork [FAIL]
[xUnit.net 00:00:01.38]     NewsApi.Tests.Integration.Con
trollers.NewsControllerIntegrationTests.GetNewsByUrl_With
ValidUrl_ShouldReturnNews [FAIL]
  Failed NewsApi.Tests.Integration.Controllers.NewsControllerIntegrationTests.UpdateNews_WithValidData_ShouldReturnNoContent [1 ms]
  Error Message:
   System.Text.Json.JsonException : The input does not contain any JSON tokens. Expected the input to start with a valid JSON token, when isFinalBlock is true. Path: $ | LineNumber: 0 | BytePositionInLine: 0.
---- System.Text.Json.JsonReaderException : The input does not contain any JSON tokens. Expected the input to start with a valid JSON token, when isFinalBlock is true. LineNumber: 0 | BytePositionInLine: 0.
  Stack Trace:
     at System.Text.Json.ThrowHelper.ReThrowWithPath(ReadStack& state, JsonReaderException ex)
   at System.Text.Json.Serialization.JsonConverter`1.ReadCore(Utf8JsonReader& reader, T& value, JsonSerializerOptions options, ReadStack& state)
   at System.Text.Json.Serialization.Metadata.JsonTypeInfo`1.ContinueDeserialize[TReadBufferState,TStream](TReadBufferState& bufferState, JsonReaderState& jsonReaderState, ReadStack& readStack, T& value)
   at System.Text.Json.Serialization.Metadata.JsonTypeInfo`1.DeserializeAsync[TReadBufferState,TStream](TStream utf8Json, TReadBufferState bufferState, CancellationToken cancellationToken)
   at System.Net.Http.Json.HttpContentJsonExtensions.ReadFromJsonAsyncCore[T](HttpContent content, JsonSerializerOptions options, CancellationToken cancellationToken)
   at NewsApi.Tests.Integration.Controllers.NewsControllerIntegrationTests.UpdateNews_WithValidData_ShouldReturnNoContent() in C:\dev\news-api\NewsApi.Tests\Integration\Controllers\NewsControllerIntegrationTests.cs:line 224
--- End of stack trace from previous location ---
----- Inner Stack Trace -----
   at System.Text.Json.ThrowHelper.ThrowJsonReaderException(Utf8JsonReader& json, ExceptionResource resource, Byte nextByte, ReadOnlySpan`1 bytes)
   at System.Text.Json.Utf8JsonReader.Read()
   at System.Text.Json.Serialization.JsonConverter`1.ReadCore(Utf8JsonReader& reader, T& value, JsonSerializerOptions options, ReadStack& state)
  Failed NewsApi.Tests.Integration.Controllers.NewsControllerIntegrationTests.GetAllNews_AfterCreatingNews_ShouldReturnNews [3 ms]
  Error Message:
   Expected createResponse to be HttpStatusCode.Created {value: 201}, but found HttpStatusCode.Unauthorized {value: 401}.
  Stack Trace:
     at FluentAssertions.Execution.LateBoundTestFramework.Throw(String message)
   at FluentAssertions.Execution.DefaultAssertionStrategy.HandleFailure(String message)
   at FluentAssertions.Execution.AssertionScope.AddPreFormattedFailure(String formattedFailureMessage)
   at FluentAssertions.Execution.AssertionChain.FailWith(Func`1 getFailureReason)
   at FluentAssertions.Execution.AssertionChain.FailWith(Func`1 getFailureReason)
   at FluentAssertions.Execution.AssertionChain.FailWith(String message, Object[] args)
   at FluentAssertions.Primitives.EnumAssertions`2.Be(TEnum expected, String because, Object[] becauseArgs)
   at NewsApi.Tests.Integration.Controllers.NewsControllerIntegrationTests.GetAllNews_AfterCreatingNews_ShouldReturnNews() in C:\dev\news-api\NewsApi.Tests\Integration\Controllers\NewsControllerIntegrationTests.cs:line 43
--- End of stack trace from previous location ---
  Failed NewsApi.Tests.Integration.Controllers.NewsControllerIntegrationTests.DeleteNews_WithValidId_ShouldReturnNoContent [2 ms]
  Error Message:
   System.Text.Json.JsonException : The input does not contain any JSON tokens. Expected the input to start with a valid JSON token, when isFinalBlock is true. Path: $ | LineNumber: 0 | BytePositionInLine: 0.
---- System.Text.Json.JsonReaderException : The input does not contain any JSON tokens. Expected the input to start with a valid JSON token, when isFinalBlock is true. LineNumber: 0 | BytePositionInLine: 0.
  Stack Trace:
     at System.Text.Json.ThrowHelper.ReThrowWithPath(ReadStack& state, JsonReaderException ex)
   at System.Text.Json.Serialization.JsonConverter`1.ReadCore(Utf8JsonReader& reader, T& value, JsonSerializerOptions options, ReadStack& state)
   at System.Text.Json.Serialization.Metadata.JsonTypeInfo`1.ContinueDeserialize[TReadBufferState,TStream](TReadBufferState& bufferState, JsonReaderState& jsonReaderState, ReadStack& readStack, T& value)
   at System.Text.Json.Serialization.Metadata.JsonTypeInfo`1.DeserializeAsync[TReadBufferState,TStream](TStream utf8Json, TReadBufferState bufferState, CancellationToken cancellationToken)
   at System.Net.Http.Json.HttpContentJsonExtensions.ReadFromJsonAsyncCore[T](HttpContent content, JsonSerializerOptions options, CancellationToken cancellationToken)
   at NewsApi.Tests.Integration.Controllers.NewsControllerIntegrationTests.DeleteNews_WithValidId_ShouldReturnNoContent() in C:\dev\news-api\NewsApi.Tests\Integration\Controllers\NewsControllerIntegrationTests.cs:line 274
--- End of stack trace from previous location ---
----- Inner Stack Trace -----
   at System.Text.Json.ThrowHelper.ThrowJsonReaderException(Utf8JsonReader& json, ExceptionResource resource, Byte nextByte, ReadOnlySpan`1 bytes)
   at System.Text.Json.Utf8JsonReader.Read()
   at System.Text.Json.Serialization.JsonConverter`1.ReadCore(Utf8JsonReader& reader, T& value, JsonSerializerOptions options, ReadStack& state)
  Failed NewsApi.Tests.Integration.Controllers.NewsControllerIntegrationTests.GetNewsById_WithInvalidId_ShouldReturn404 [10 ms]
  Error Message:
   Expected response.StatusCode to be HttpStatusCode.NotFound {value: 404}, but found HttpStatusCode.InternalServerError {value: 500}.
  Stack Trace:
     at FluentAssertions.Execution.LateBoundTestFramework.Throw(String message)
   at FluentAssertions.Execution.DefaultAssertionStrategy.HandleFailure(String message)
   at FluentAssertions.Execution.AssertionScope.AddPreFormattedFailure(String formattedFailureMessage)
   at FluentAssertions.Execution.AssertionChain.FailWith(Func`1 getFailureReason)
   at FluentAssertions.Execution.AssertionChain.FailWith(Func`1 getFailureReason)
   at FluentAssertions.Execution.AssertionChain.FailWith(String message, Object[] args)
   at FluentAssertions.Primitives.EnumAssertions`2.Be(TEnum expected, String because, Object[] becauseArgs)
   at NewsApi.Tests.Integration.Controllers.NewsControllerIntegrationTests.GetNewsById_WithInvalidId_ShouldReturn404() in C:\dev\news-api\NewsApi.Tests\Integration\Controllers\NewsControllerIntegrationTests.cs:line 123
--- End of stack trace from previous location ---
  Failed NewsApi.Tests.Integration.Controllers.NewsControllerIntegrationTests.CompleteCRUDWorkflow_ShouldWork [2 ms]
  Error Message:
   Expected createResponse.StatusCode to be HttpStatusCode.Created {value: 201}, but found HttpStatusCode.Unauthorized {value: 401}.
  Stack Trace:
     at FluentAssertions.Execution.LateBoundTestFramework.Throw(String message)
   at FluentAssertions.Execution.DefaultAssertionStrategy.HandleFailure(String message)
   at FluentAssertions.Execution.AssertionScope.AddPreFormattedFailure(String formattedFailureMessage)
   at FluentAssertions.Execution.AssertionChain.FailWith(Func`1 getFailureReason)
   at FluentAssertions.Execution.AssertionChain.FailWith(Func`1 getFailureReason)
   at FluentAssertions.Execution.AssertionChain.FailWith(String message, Object[] args)
   at FluentAssertions.Primitives.EnumAssertions`2.Be(TEnum expected, String because, Object[] becauseArgs)
   at NewsApi.Tests.Integration.Controllers.NewsControllerIntegrationTests.CompleteCRUDWorkflow_ShouldWork() in C:\dev\news-api\NewsApi.Tests\Integration\Controllers\NewsControllerIntegrationTests.cs:line 320
--- End of stack trace from previous location ---
  Failed NewsApi.Tests.Integration.Controllers.NewsControllerIntegrationTests.GetNewsByUrl_WithValidUrl_ShouldReturnNews [5 ms]
  Error Message:
   Expected response.StatusCode to be HttpStatusCode.OK {value: 200}, but found HttpStatusCode.NotFound {value: 404}.
  Stack Trace:
     at FluentAssertions.Execution.LateBoundTestFramework.Throw(String message)
   at FluentAssertions.Execution.DefaultAssertionStrategy.HandleFailure(String message)
   at FluentAssertions.Execution.AssertionScope.AddPreFormattedFailure(String formattedFailureMessage)
   at FluentAssertions.Execution.AssertionChain.FailWith(Func`1 getFailureReason)
   at FluentAssertions.Execution.AssertionChain.FailWith(Func`1 getFailureReason)
   at FluentAssertions.Execution.AssertionChain.FailWith(String message, Object[] args)
   at FluentAssertions.Primitives.EnumAssertions`2.Be(TEnum expected, String because, Object[] becauseArgs)
   at NewsApi.Tests.Integration.Controllers.NewsControllerIntegrationTests.GetNewsByUrl_WithValidUrl_ShouldReturnNews() in C:\dev\news-api\NewsApi.Tests\Integration\Controllers\NewsControllerIntegrationTests.cs:line 142
--- End of stack trace from previous location ---

Failed!  - Failed:    13, Passed:   184, Skipped:     0, Total:   197, Duration: 1 s - NewsApi.Tests.dll (net10.0)
